<?xml version="1.0" encoding="UTF-8"?>
<testsuites name="Frontend Tests" tests="16" failures="0" errors="0" time="0.582">
  <testsuite name="Auth API" errors="0" failures="0" skipped="0" timestamp="2026-04-28T09:12:58" time="0.249" tests="4">
    <testcase classname="Auth API register should register a user successfully" name="Auth API register should register a user successfully" time="0.003">
    </testcase>
    <testcase classname="Auth API register should throw error on registration failure" name="Auth API register should throw error on registration failure" time="0.005">
    </testcase>
    <testcase classname="Auth API login should login a user successfully" name="Auth API login should login a user successfully" time="0.001">
    </testcase>
    <testcase classname="Auth API login should throw error on login failure" name="Auth API login should throw error on login failure" time="0">
    </testcase>
  </testsuite>
  <testsuite name="Event API" errors="0" failures="0" skipped="0" timestamp="2026-04-28T09:12:58" time="0.026" tests="6">
    <testcase classname="Event API getAllEvents should fetch all events successfully" name="Event API getAllEvents should fetch all events successfully" time="0">
    </testcase>
    <testcase classname="Event API getAllEvents should throw error when fetching events fails" name="Event API getAllEvents should throw error when fetching events fails" time="0.002">
    </testcase>
    <testcase classname="Event API getEventById should fetch a single event by id" name="Event API getEventById should fetch a single event by id" time="0">
    </testcase>
    <testcase classname="Event API getEventById should throw error when event not found" name="Event API getEventById should throw error when event not found" time="0.001">
    </testcase>
    <testcase classname="Event API createEvent should create a new event successfully" name="Event API createEvent should create a new event successfully" time="0">
    </testcase>
    <testcase classname="Event API createEvent should throw error when event creation fails" name="Event API createEvent should throw error when event creation fails" time="0.001">
    </testcase>
  </testsuite>
  <testsuite name="Axios Config" errors="0" failures="0" skipped="0" timestamp="2026-04-28T09:12:58" time="0.015" tests="3">
    <testcase classname="Axios Config should have correct baseURL" name="Axios Config should have correct baseURL" time="0.001">
    </testcase>
    <testcase classname="Axios Config should have correct default headers" name="Axios Config should have correct default headers" time="0">
    </testcase>
    <testcase classname="Axios Config should be an axios instance" name="Axios Config should be an axios instance" time="0">
    </testcase>
  </testsuite>
  <testsuite name="User API" errors="0" failures="0" skipped="0" timestamp="2026-04-28T09:12:58" time="0.05" tests="3">
    <testcase classname="User API getUserProfile should fetch user profile successfully" name="User API getUserProfile should fetch user profile successfully" time="0.001">
    </testcase>
    <testcase classname="User API getUserProfile should throw error when user not found" name="User API getUserProfile should throw error when user not found" time="0.002">
    </testcase>
    <testcase classname="User API getUserProfile should throw error on network failure" name="User API getUserProfile should throw error on network failure" time="0.001">
    </testcase>
  </testsuite>
</testsuites>